npm WARN exec The following package was not found and will be installed: localtunnel@2.0.2
node:internal/modules/cjs/loader:1386
  throw err;
  ^

Error: Cannot find module './lib/axios'
Require stack:
- C:\Users\Usuario\AppData\Local\npm-cache\_npx\75ac80b86e83d4a2\node_modules\axios\index.js
- C:\Users\Usuario\AppData\Local\npm-cache\_npx\75ac80b86e83d4a2\node_modules\localtunnel\lib\Tunnel.js
- C:\Users\Usuario\AppData\Local\npm-cache\_npx\75ac80b86e83d4a2\node_modules\localtunnel\localtunnel.js
- C:\Users\Usuario\AppData\Local\npm-cache\_npx\75ac80b86e83d4a2\node_modules\localtunnel\bin\lt.js
    at Function._resolveFilename (node:internal/modules/cjs/loader:1383:15)
    at defaultResolveImpl (node:internal/modules/cjs/loader:1025:19)
    at resolveForCJSWithHooks (node:internal/modules/cjs/loader:1030:22)
    at Function._load (node:internal/modules/cjs/loader:1192:37)
    at TracingChannel.traceSync (node:diagnostics_channel:322:14)
    at wrapModuleLoad (node:internal/modules/cjs/loader:237:24)
    at Module.require (node:internal/modules/cjs/loader:1463:12)
    at require (node:internal/modules/helpers:147:16)
    at Object.<anonymous> (C:\Users\Usuario\AppData\Local\npm-cache\_npx\75ac80b86e83d4a2\node_modules\axios\index.js:1:18)
    at Module._compile (node:internal/modules/cjs/loader:1706:14) {
  code: 'MODULE_NOT_FOUND',
  requireStack: [
    'C:\\Users\\Usuario\\AppData\\Local\\npm-cache\\_npx\\75ac80b86e83d4a2\\node_modules\\axios\\index.js',
    'C:\\Users\\Usuario\\AppData\\Local\\npm-cache\\_npx\\75ac80b86e83d4a2\\node_modules\\localtunnel\\lib\\Tunnel.js',
    'C:\\Users\\Usuario\\AppData\\Local\\npm-cache\\_npx\\75ac80b86e83d4a2\\node_modules\\localtunnel\\localtunnel.js',
    'C:\\Users\\Usuario\\AppData\\Local\\npm-cache\\_npx\\75ac80b86e83d4a2\\node_modules\\localtunnel\\bin\\lt.js'
  ]
}

Node.js v22.19.0
